// Jest Snapshot v1, https://goo.gl/fbAQLP

exports[`SankeyChart should render a Sankey chart 1`] = `<DocumentFragment />`;
